Archive member included to satisfy reference by file (symbol)

/Applications/STM32CubeIDE.app/Contents/Eclipse/plugins/com.st.stm32cube.ide.mcu.externaltools.gnu-tools-for-stm32.7-2018-q2-update.macos64_1.0.0.201904181610/tools/bin/../lib/gcc/arm-none-eabi/7.3.1/../../../../arm-none-eabi/lib/thumb/v7e-m/fpv4-sp/hard/libc_nano.a(lib_a-errno.o)
                              Core/Src/syscalls.o (__errno)
/Applications/STM32CubeIDE.app/Contents/Eclipse/plugins/com.st.stm32cube.ide.mcu.externaltools.gnu-tools-for-stm32.7-2018-q2-update.macos64_1.0.0.201904181610/tools/bin/../lib/gcc/arm-none-eabi/7.3.1/../../../../arm-none-eabi/lib/thumb/v7e-m/fpv4-sp/hard/libc_nano.a(lib_a-exit.o)
                              /Applications/STM32CubeIDE.app/Contents/Eclipse/plugins/com.st.stm32cube.ide.mcu.externaltools.gnu-tools-for-stm32.7-2018-q2-update.macos64_1.0.0.201904181610/tools/bin/../lib/gcc/arm-none-eabi/7.3.1/../../../../arm-none-eabi/lib/thumb/v7e-m/fpv4-sp/hard/crt0.o (exit)
/Applications/STM32CubeIDE.app/Contents/Eclipse/plugins/com.st.stm32cube.ide.mcu.externaltools.gnu-tools-for-stm32.7-2018-q2-update.macos64_1.0.0.201904181610/tools/bin/../lib/gcc/arm-none-eabi/7.3.1/../../../../arm-none-eabi/lib/thumb/v7e-m/fpv4-sp/hard/libc_nano.a(lib_a-impure.o)
                              /Applications/STM32CubeIDE.app/Contents/Eclipse/plugins/com.st.stm32cube.ide.mcu.externaltools.gnu-tools-for-stm32.7-2018-q2-update.macos64_1.0.0.201904181610/tools/bin/../lib/gcc/arm-none-eabi/7.3.1/../../../../arm-none-eabi/lib/thumb/v7e-m/fpv4-sp/hard/libc_nano.a(lib_a-exit.o) (_global_impure_ptr)
/Applications/STM32CubeIDE.app/Contents/Eclipse/plugins/com.st.stm32cube.ide.mcu.externaltools.gnu-tools-for-stm32.7-2018-q2-update.macos64_1.0.0.201904181610/tools/bin/../lib/gcc/arm-none-eabi/7.3.1/../../../../arm-none-eabi/lib/thumb/v7e-m/fpv4-sp/hard/libc_nano.a(lib_a-init.o)
                              /Applications/STM32CubeIDE.app/Contents/Eclipse/plugins/com.st.stm32cube.ide.mcu.externaltools.gnu-tools-for-stm32.7-2018-q2-update.macos64_1.0.0.201904181610/tools/bin/../lib/gcc/arm-none-eabi/7.3.1/../../../../arm-none-eabi/lib/thumb/v7e-m/fpv4-sp/hard/crt0.o (__libc_init_array)
/Applications/STM32CubeIDE.app/Contents/Eclipse/plugins/com.st.stm32cube.ide.mcu.externaltools.gnu-tools-for-stm32.7-2018-q2-update.macos64_1.0.0.201904181610/tools/bin/../lib/gcc/arm-none-eabi/7.3.1/../../../../arm-none-eabi/lib/thumb/v7e-m/fpv4-sp/hard/libc_nano.a(lib_a-memcpy-stub.o)
                              ThirdParty/FreeRTOS/org/Source/queue.o (memcpy)
/Applications/STM32CubeIDE.app/Contents/Eclipse/plugins/com.st.stm32cube.ide.mcu.externaltools.gnu-tools-for-stm32.7-2018-q2-update.macos64_1.0.0.201904181610/tools/bin/../lib/gcc/arm-none-eabi/7.3.1/../../../../arm-none-eabi/lib/thumb/v7e-m/fpv4-sp/hard/libc_nano.a(lib_a-memset.o)
                              /Applications/STM32CubeIDE.app/Contents/Eclipse/plugins/com.st.stm32cube.ide.mcu.externaltools.gnu-tools-for-stm32.7-2018-q2-update.macos64_1.0.0.201904181610/tools/bin/../lib/gcc/arm-none-eabi/7.3.1/../../../../arm-none-eabi/lib/thumb/v7e-m/fpv4-sp/hard/crt0.o (memset)
/Applications/STM32CubeIDE.app/Contents/Eclipse/plugins/com.st.stm32cube.ide.mcu.externaltools.gnu-tools-for-stm32.7-2018-q2-update.macos64_1.0.0.201904181610/tools/bin/../lib/gcc/arm-none-eabi/7.3.1/thumb/v7e-m/fpv4-sp/hard/libgcc.a(_aeabi_uldivmod.o)
                              Drivers/STM32F4xx_HAL_Driver/Src/stm32f4xx_hal_rcc.o (__aeabi_uldivmod)
/Applications/STM32CubeIDE.app/Contents/Eclipse/plugins/com.st.stm32cube.ide.mcu.externaltools.gnu-tools-for-stm32.7-2018-q2-update.macos64_1.0.0.201904181610/tools/bin/../lib/gcc/arm-none-eabi/7.3.1/thumb/v7e-m/fpv4-sp/hard/libgcc.a(_udivmoddi4.o)
                              /Applications/STM32CubeIDE.app/Contents/Eclipse/plugins/com.st.stm32cube.ide.mcu.externaltools.gnu-tools-for-stm32.7-2018-q2-update.macos64_1.0.0.201904181610/tools/bin/../lib/gcc/arm-none-eabi/7.3.1/thumb/v7e-m/fpv4-sp/hard/libgcc.a(_aeabi_uldivmod.o) (__udivmoddi4)
/Applications/STM32CubeIDE.app/Contents/Eclipse/plugins/com.st.stm32cube.ide.mcu.externaltools.gnu-tools-for-stm32.7-2018-q2-update.macos64_1.0.0.201904181610/tools/bin/../lib/gcc/arm-none-eabi/7.3.1/thumb/v7e-m/fpv4-sp/hard/libgcc.a(_dvmd_tls.o)
                              /Applications/STM32CubeIDE.app/Contents/Eclipse/plugins/com.st.stm32cube.ide.mcu.externaltools.gnu-tools-for-stm32.7-2018-q2-update.macos64_1.0.0.201904181610/tools/bin/../lib/gcc/arm-none-eabi/7.3.1/thumb/v7e-m/fpv4-sp/hard/libgcc.a(_aeabi_uldivmod.o) (__aeabi_ldiv0)

Allocating common symbols
Common symbol       size              file

uwTick              0x4               Drivers/STM32F4xx_HAL_Driver/Src/stm32f4xx_hal.o
xQueueRegistry      0x40              ThirdParty/FreeRTOS/org/Source/queue.o
pFlash              0x20              Drivers/STM32F4xx_HAL_Driver/Src/stm32f4xx_hal_flash.o
htim9               0x40              Core/Src/stm32f4xx_hal_timebase_tim.o

[...]
Memory Configuration

Name             Origin             Length             Attributes
RAM              0x0000000020000000 0x0000000000018000 xrw
FLASH            0x0000000008000000 0x0000000000080000 xr
*default*        0x0000000000000000 0xffffffffffffffff

Linker script and memory map

LOAD /Applications/STM32CubeIDE.app/Contents/Eclipse/plugins/com.st.stm32cube.ide.mcu.externaltools.gnu-tools-for-stm32.7-2018-q2-update.macos64_1.0.0.201904181610/tools/bin/../lib/gcc/arm-none-eabi/7.3.1/thumb/v7e-m/fpv4-sp/hard/crti.o
LOAD /Applications/STM32CubeIDE.app/Contents/Eclipse/plugins/com.st.stm32cube.ide.mcu.externaltools.gnu-tools-for-stm32.7-2018-q2-update.macos64_1.0.0.201904181610/tools/bin/../lib/gcc/arm-none-eabi/7.3.1/thumb/v7e-m/fpv4-sp/hard/crtbegin.o
LOAD /Applications/STM32CubeIDE.app/Contents/Eclipse/plugins/com.st.stm32cube.ide.mcu.externaltools.gnu-tools-for-stm32.7-2018-q2-update.macos64_1.0.0.201904181610/tools/bin/../lib/gcc/arm-none-eabi/7.3.1/../../../../arm-none-eabi/lib/thumb/v7e-m/fpv4-sp/hard/crt0.o
LOAD Core/Src/main.o
LOAD Core/Src/stm32f4xx_hal_msp.o
LOAD Core/Src/stm32f4xx_hal_timebase_tim.o
LOAD Core/Src/stm32f4xx_it.o
LOAD Core/Src/syscalls.o
LOAD Core/Src/sysmem.o
LOAD Core/Src/system_stm32f4xx.o
LOAD Core/Startup/startup_stm32f401retx.o
LOAD Drivers/STM32F4xx_HAL_Driver/Src/stm32f4xx_hal.o
LOAD Drivers/STM32F4xx_HAL_Driver/Src/stm32f4xx_hal_cortex.o
LOAD Drivers/STM32F4xx_HAL_Driver/Src/stm32f4xx_hal_dma.o
LOAD Drivers/STM32F4xx_HAL_Driver/Src/stm32f4xx_hal_dma_ex.o
LOAD Drivers/STM32F4xx_HAL_Driver/Src/stm32f4xx_hal_exti.o
LOAD Drivers/STM32F4xx_HAL_Driver/Src/stm32f4xx_hal_flash.o
LOAD Drivers/STM32F4xx_HAL_Driver/Src/stm32f4xx_hal_flash_ex.o
LOAD Drivers/STM32F4xx_HAL_Driver/Src/stm32f4xx_hal_flash_ramfunc.o
LOAD Drivers/STM32F4xx_HAL_Driver/Src/stm32f4xx_hal_gpio.o
LOAD Drivers/STM32F4xx_HAL_Driver/Src/stm32f4xx_hal_pwr.o
LOAD Drivers/STM32F4xx_HAL_Driver/Src/stm32f4xx_hal_pwr_ex.o
LOAD Drivers/STM32F4xx_HAL_Driver/Src/stm32f4xx_hal_rcc.o
LOAD Drivers/STM32F4xx_HAL_Driver/Src/stm32f4xx_hal_rcc_ex.o
LOAD Drivers/STM32F4xx_HAL_Driver/Src/stm32f4xx_hal_tim.o
LOAD Drivers/STM32F4xx_HAL_Driver/Src/stm32f4xx_hal_tim_ex.o
LOAD ThirdParty/FreeRTOS/org/Source/croutine.o
LOAD ThirdParty/FreeRTOS/org/Source/event_groups.o
LOAD ThirdParty/FreeRTOS/org/Source/list.o
LOAD ThirdParty/FreeRTOS/org/Source/queue.o
LOAD ThirdParty/FreeRTOS/org/Source/stream_buffer.o
LOAD ThirdParty/FreeRTOS/org/Source/tasks.o
LOAD ThirdParty/FreeRTOS/org/Source/timers.o
LOAD ThirdParty/FreeRTOS/org/Source/portable/GCC/ARM_CM4F/port.o
LOAD ThirdParty/FreeRTOS/org/Source/portable/MemMang/heap_4.o
START GROUP
LOAD /Applications/STM32CubeIDE.app/Contents/Eclipse/plugins/com.st.stm32cube.ide.mcu.externaltools.gnu-tools-for-stm32.7-2018-q2-update.macos64_1.0.0.201904181610/tools/bin/../lib/gcc/arm-none-eabi/7.3.1/../../../../arm-none-eabi/lib/thumb/v7e-m/fpv4-sp/hard/libc_nano.a
LOAD /Applications/STM32CubeIDE.app/Contents/Eclipse/plugins/com.st.stm32cube.ide.mcu.externaltools.gnu-tools-for-stm32.7-2018-q2-update.macos64_1.0.0.201904181610/tools/bin/../lib/gcc/arm-none-eabi/7.3.1/../../../../arm-none-eabi/lib/thumb/v7e-m/fpv4-sp/hard/libm.a
END GROUP
START GROUP
LOAD /Applications/STM32CubeIDE.app/Contents/Eclipse/plugins/com.st.stm32cube.ide.mcu.externaltools.gnu-tools-for-stm32.7-2018-q2-update.macos64_1.0.0.201904181610/tools/bin/../lib/gcc/arm-none-eabi/7.3.1/thumb/v7e-m/fpv4-sp/hard/libgcc.a
LOAD /Applications/STM32CubeIDE.app/Contents/Eclipse/plugins/com.st.stm32cube.ide.mcu.externaltools.gnu-tools-for-stm32.7-2018-q2-update.macos64_1.0.0.201904181610/tools/bin/../lib/gcc/arm-none-eabi/7.3.1/../../../../arm-none-eabi/lib/thumb/v7e-m/fpv4-sp/hard/libc_nano.a
END GROUP
START GROUP
LOAD /Applications/STM32CubeIDE.app/Contents/Eclipse/plugins/com.st.stm32cube.ide.mcu.externaltools.gnu-tools-for-stm32.7-2018-q2-update.macos64_1.0.0.201904181610/tools/bin/../lib/gcc/arm-none-eabi/7.3.1/thumb/v7e-m/fpv4-sp/hard/libgcc.a
LOAD /Applications/STM32CubeIDE.app/Contents/Eclipse/plugins/com.st.stm32cube.ide.mcu.externaltools.gnu-tools-for-stm32.7-2018-q2-update.macos64_1.0.0.201904181610/tools/bin/../lib/gcc/arm-none-eabi/7.3.1/../../../../arm-none-eabi/lib/thumb/v7e-m/fpv4-sp/hard/libc_nano.a
LOAD /Applications/STM32CubeIDE.app/Contents/Eclipse/plugins/com.st.stm32cube.ide.mcu.externaltools.gnu-tools-for-stm32.7-2018-q2-update.macos64_1.0.0.201904181610/tools/bin/../lib/gcc/arm-none-eabi/7.3.1/../../../../arm-none-eabi/lib/thumb/v7e-m/fpv4-sp/hard/libnosys.a
END GROUP
START GROUP
LOAD /Applications/STM32CubeIDE.app/Contents/Eclipse/plugins/com.st.stm32cube.ide.mcu.externaltools.gnu-tools-for-stm32.7-2018-q2-update.macos64_1.0.0.201904181610/tools/bin/../lib/gcc/arm-none-eabi/7.3.1/thumb/v7e-m/fpv4-sp/hard/libgcc.a
LOAD /Applications/STM32CubeIDE.app/Contents/Eclipse/plugins/com.st.stm32cube.ide.mcu.externaltools.gnu-tools-for-stm32.7-2018-q2-update.macos64_1.0.0.201904181610/tools/bin/../lib/gcc/arm-none-eabi/7.3.1/../../../../arm-none-eabi/lib/thumb/v7e-m/fpv4-sp/hard/libc_nano.a
LOAD /Applications/STM32CubeIDE.app/Contents/Eclipse/plugins/com.st.stm32cube.ide.mcu.externaltools.gnu-tools-for-stm32.7-2018-q2-update.macos64_1.0.0.201904181610/tools/bin/../lib/gcc/arm-none-eabi/7.3.1/../../../../arm-none-eabi/lib/thumb/v7e-m/fpv4-sp/hard/libnosys.a
END GROUP
LOAD /Applications/STM32CubeIDE.app/Contents/Eclipse/plugins/com.st.stm32cube.ide.mcu.externaltools.gnu-tools-for-stm32.7-2018-q2-update.macos64_1.0.0.201904181610/tools/bin/../lib/gcc/arm-none-eabi/7.3.1/thumb/v7e-m/fpv4-sp/hard/crtend.o
LOAD /Applications/STM32CubeIDE.app/Contents/Eclipse/plugins/com.st.stm32cube.ide.mcu.externaltools.gnu-tools-for-stm32.7-2018-q2-update.macos64_1.0.0.201904181610/tools/bin/../lib/gcc/arm-none-eabi/7.3.1/thumb/v7e-m/fpv4-sp/hard/crtn.o
                0x0000000020018000                _estack = (ORIGIN (RAM) + LENGTH (RAM))
                0x0000000000000200                _Min_Heap_Size = 0x200
                0x0000000000000400                _Min_Stack_Size = 0x400

.isr_vector     0x0000000008000000      0x194
                0x0000000008000000                . = ALIGN (0x4)
 *(.isr_vector)
 .isr_vector    0x0000000008000000      0x194 Core/Startup/startup_stm32f401retx.o
                0x0000000008000000                g_pfnVectors
                0x0000000008000194                . = ALIGN (0x4)

.text           0x00000000080001a0     0x3bb0
                0x00000000080001a0                . = ALIGN (0x4)
 *(.text)
 .text          0x00000000080001a0       0x40 /Applications/STM32CubeIDE.app/Contents/Eclipse/plugins/com.st.stm32cube.ide.mcu.externaltools.gnu-tools-for-stm32.7-2018-q2-update.macos64_1.0.0.201904181610/tools/bin/../lib/gcc/arm-none-eabi/7.3.1/thumb/v7e-m/fpv4-sp/hard/crtbegin.o
 .text          0x00000000080001e0       0x30 /Applications/STM32CubeIDE.app/Contents/Eclipse/plugins/com.st.stm32cube.ide.mcu.externaltools.gnu-tools-for-stm32.7-2018-q2-update.macos64_1.0.0.201904181610/tools/bin/../lib/gcc/arm-none-eabi/7.3.1/thumb/v7e-m/fpv4-sp/hard/libgcc.a(_aeabi_uldivmod.o)
                0x00000000080001e0                __aeabi_uldivmod
 .text          0x0000000008000210      0x2cc /Applications/STM32CubeIDE.app/Contents/Eclipse/plugins/com.st.stm32cube.ide.mcu.externaltools.gnu-tools-for-stm32.7-2018-q2-update.macos64_1.0.0.201904181610/tools/bin/../lib/gcc/arm-none-eabi/7.3.1/thumb/v7e-m/fpv4-sp/hard/libgcc.a(_udivmoddi4.o)
                0x0000000008000210                __udivmoddi4
 .text          0x00000000080004dc        0x4 /Applications/STM32CubeIDE.app/Contents/Eclipse/plugins/com.st.stm32cube.ide.mcu.externaltools.gnu-tools-for-stm32.7-2018-q2-update.macos64_1.0.0.201904181610/tools/bin/../lib/gcc/arm-none-eabi/7.3.1/thumb/v7e-m/fpv4-sp/hard/libgcc.a(_dvmd_tls.o)
                0x00000000080004dc                __aeabi_ldiv0
                0x00000000080004dc                __aeabi_idiv0
 *(.text*)
 .text.main     0x00000000080004e0       0x54 Core/Src/main.o
                0x00000000080004e0                main
 .text.vTask1_Handler
                0x0000000008000534        0xa Core/Src/main.o
                0x0000000008000534                vTask1_Handler
 .text.vTask2_Handler
                0x000000000800053e        0xa Core/Src/main.o
                0x000000000800053e                vTask2_Handler
 .text.SystemClock_Config
                0x0000000008000548       0xc0 Core/Src/main.o
                0x0000000008000548                SystemClock_Config
 .text.HAL_TIM_PeriodElapsedCallback
                0x0000000008000608       0x24 Core/Src/main.o
                0x0000000008000608                HAL_TIM_PeriodElapsedCallback
 .text.Error_Handler
                0x000000000800062c        0xe Core/Src/main.o
                0x000000000800062c                Error_Handler
 *fill*         0x000000000800063a        0x2 
 .text.HAL_MspInit
                0x000000000800063c       0x50 Core/Src/stm32f4xx_hal_msp.o
                0x000000000800063c                HAL_MspInit
 .text.HAL_InitTick
                0x000000000800068c       0xb0 Core/Src/stm32f4xx_hal_timebase_tim.o
                0x000000000800068c                HAL_InitTick
 .text.NMI_Handler
                0x000000000800073c        0xe Core/Src/stm32f4xx_it.o
                0x000000000800073c                NMI_Handler
 .text.HardFault_Handler
                0x000000000800074a        0x6 Core/Src/stm32f4xx_it.o
                0x000000000800074a                HardFault_Handler
 .text.MemManage_Handler
                0x0000000008000750        0x6 Core/Src/stm32f4xx_it.o
                0x0000000008000750                MemManage_Handler
 .text.BusFault_Handler
                0x0000000008000756        0x6 Core/Src/stm32f4xx_it.o
                0x0000000008000756                BusFault_Handler
 .text.UsageFault_Handler
                0x000000000800075c        0x6 Core/Src/stm32f4xx_it.o
                0x000000000800075c                UsageFault_Handler
 .text.DebugMon_Handler
                0x0000000008000762        0xe Core/Src/stm32f4xx_it.o
                0x0000000008000762                DebugMon_Handler
 .text.TIM1_BRK_TIM9_IRQHandler
                0x0000000008000770       0x14 Core/Src/stm32f4xx_it.o
                0x0000000008000770                TIM1_BRK_TIM9_IRQHandler
 .text.SystemInit
                0x0000000008000784       0x2c Core/Src/system_stm32f4xx.o
                0x0000000008000784                SystemInit
 .text.Reset_Handler
                0x00000000080007b0       0x50 Core/Startup/startup_stm32f401retx.o
                0x00000000080007b0                Reset_Handler
 .text.Default_Handler
                0x0000000008000800        0x2 Core/Startup/startup_stm32f401retx.o
                0x0000000008000800                DMA1_Stream3_IRQHandler
                0x0000000008000800                EXTI2_IRQHandler
                0x0000000008000800                SPI4_IRQHandler
                0x0000000008000800                TIM1_CC_IRQHandler
                0x0000000008000800                DMA2_Stream5_IRQHandler
                0x0000000008000800                DMA1_Stream5_IRQHandler
                0x0000000008000800                PVD_IRQHandler
                0x0000000008000800                SDIO_IRQHandler
                0x0000000008000800                TAMP_STAMP_IRQHandler
                0x0000000008000800                EXTI3_IRQHandler
                0x0000000008000800                TIM1_UP_TIM10_IRQHandler
                0x0000000008000800                I2C3_ER_IRQHandler
                0x0000000008000800                EXTI0_IRQHandler
                0x0000000008000800                I2C2_EV_IRQHandler
                0x0000000008000800                DMA1_Stream2_IRQHandler
                0x0000000008000800                FPU_IRQHandler
                0x0000000008000800                DMA2_Stream2_IRQHandler
                0x0000000008000800                SPI1_IRQHandler
                0x0000000008000800                DMA2_Stream3_IRQHandler
                0x0000000008000800                USART6_IRQHandler
                0x0000000008000800                DMA2_Stream0_IRQHandler
                0x0000000008000800                TIM4_IRQHandler
                0x0000000008000800                I2C1_EV_IRQHandler
                0x0000000008000800                DMA1_Stream6_IRQHandler
                0x0000000008000800                DMA1_Stream1_IRQHandler
                0x0000000008000800                TIM3_IRQHandler
                0x0000000008000800                RCC_IRQHandler
                0x0000000008000800                Default_Handler
                0x0000000008000800                EXTI15_10_IRQHandler
                0x0000000008000800                ADC_IRQHandler
                0x0000000008000800                DMA1_Stream7_IRQHandler
                0x0000000008000800                TIM5_IRQHandler
                0x0000000008000800                DMA2_Stream7_IRQHandler
                0x0000000008000800                I2C3_EV_IRQHandler
                0x0000000008000800                EXTI9_5_IRQHandler
                0x0000000008000800                RTC_WKUP_IRQHandler
                0x0000000008000800                SPI2_IRQHandler
                0x0000000008000800                DMA1_Stream0_IRQHandler
                0x0000000008000800                EXTI4_IRQHandler
                0x0000000008000800                WWDG_IRQHandler
                0x0000000008000800                TIM2_IRQHandler
                0x0000000008000800                OTG_FS_WKUP_IRQHandler
                0x0000000008000800                TIM1_TRG_COM_TIM11_IRQHandler
                0x0000000008000800                EXTI1_IRQHandler
                0x0000000008000800                USART2_IRQHandler
                0x0000000008000800                I2C2_ER_IRQHandler
                0x0000000008000800                DMA2_Stream1_IRQHandler
                0x0000000008000800                FLASH_IRQHandler
                0x0000000008000800                DMA2_Stream4_IRQHandler
                0x0000000008000800                USART1_IRQHandler
                0x0000000008000800                OTG_FS_IRQHandler
                0x0000000008000800                SPI3_IRQHandler
                0x0000000008000800                DMA1_Stream4_IRQHandler
                0x0000000008000800                I2C1_ER_IRQHandler
                0x0000000008000800                DMA2_Stream6_IRQHandler
                0x0000000008000800                RTC_Alarm_IRQHandler
 *fill*         0x0000000008000802        0x2 
 .text.HAL_Init
                0x0000000008000804       0x44 Drivers/STM32F4xx_HAL_Driver/Src/stm32f4xx_hal.o
                0x0000000008000804                HAL_Init
 .text.HAL_IncTick
                0x0000000008000848       0x28 Drivers/STM32F4xx_HAL_Driver/Src/stm32f4xx_hal.o
                0x0000000008000848                HAL_IncTick
 .text.HAL_GetTick
                0x0000000008000870       0x18 Drivers/STM32F4xx_HAL_Driver/Src/stm32f4xx_hal.o
                0x0000000008000870                HAL_GetTick
 .text.__NVIC_SetPriorityGrouping
                0x0000000008000888       0x48 Drivers/STM32F4xx_HAL_Driver/Src/stm32f4xx_hal_cortex.o
 .text.__NVIC_GetPriorityGrouping
                0x00000000080008d0       0x1c Drivers/STM32F4xx_HAL_Driver/Src/stm32f4xx_hal_cortex.o
 .text.__NVIC_EnableIRQ
                0x00000000080008ec       0x3c Drivers/STM32F4xx_HAL_Driver/Src/stm32f4xx_hal_cortex.o
 .text.__NVIC_SetPriority
                0x0000000008000928       0x54 Drivers/STM32F4xx_HAL_Driver/Src/stm32f4xx_hal_cortex.o
 .text.NVIC_EncodePriority
                0x000000000800097c       0x66 Drivers/STM32F4xx_HAL_Driver/Src/stm32f4xx_hal_cortex.o
 .text.HAL_NVIC_SetPriorityGrouping
                0x00000000080009e2       0x16 Drivers/STM32F4xx_HAL_Driver/Src/stm32f4xx_hal_cortex.o
                0x00000000080009e2                HAL_NVIC_SetPriorityGrouping
 .text.HAL_NVIC_SetPriority
                0x00000000080009f8       0x38 Drivers/STM32F4xx_HAL_Driver/Src/stm32f4xx_hal_cortex.o
                0x00000000080009f8                HAL_NVIC_SetPriority
 .text.HAL_NVIC_EnableIRQ
                0x0000000008000a30       0x1c Drivers/STM32F4xx_HAL_Driver/Src/stm32f4xx_hal_cortex.o
                0x0000000008000a30                HAL_NVIC_EnableIRQ
 .text.HAL_RCC_OscConfig
                0x0000000008000a4c      0x4e0 Drivers/STM32F4xx_HAL_Driver/Src/stm32f4xx_hal_rcc.o
                0x0000000008000a4c                HAL_RCC_OscConfig
 .text.HAL_RCC_ClockConfig
                0x0000000008000f2c      0x1cc Drivers/STM32F4xx_HAL_Driver/Src/stm32f4xx_hal_rcc.o
                0x0000000008000f2c                HAL_RCC_ClockConfig
 .text.HAL_RCC_GetSysClockFreq
                0x00000000080010f8      0x164 Drivers/STM32F4xx_HAL_Driver/Src/stm32f4xx_hal_rcc.o
                0x00000000080010f8                HAL_RCC_GetSysClockFreq
 .text.HAL_RCC_GetHCLKFreq
                0x000000000800125c       0x18 Drivers/STM32F4xx_HAL_Driver/Src/stm32f4xx_hal_rcc.o
                0x000000000800125c                HAL_RCC_GetHCLKFreq
 .text.HAL_RCC_GetPCLK2Freq
                0x0000000008001274       0x28 Drivers/STM32F4xx_HAL_Driver/Src/stm32f4xx_hal_rcc.o
                0x0000000008001274                HAL_RCC_GetPCLK2Freq
 .text.HAL_RCC_GetClockConfig
                0x000000000800129c       0x64 Drivers/STM32F4xx_HAL_Driver/Src/stm32f4xx_hal_rcc.o
                0x000000000800129c                HAL_RCC_GetClockConfig
 .text.HAL_TIM_Base_Init
                0x0000000008001300       0x56 Drivers/STM32F4xx_HAL_Driver/Src/stm32f4xx_hal_tim.o
                0x0000000008001300                HAL_TIM_Base_Init
 .text.HAL_TIM_Base_MspInit
                0x0000000008001356       0x14 Drivers/STM32F4xx_HAL_Driver/Src/stm32f4xx_hal_tim.o
                0x0000000008001356                HAL_TIM_Base_MspInit
 .text.HAL_TIM_Base_Start_IT
                0x000000000800136a       0x48 Drivers/STM32F4xx_HAL_Driver/Src/stm32f4xx_hal_tim.o
                0x000000000800136a                HAL_TIM_Base_Start_IT
 .text.HAL_TIM_IRQHandler
                0x00000000080013b2      0x210 Drivers/STM32F4xx_HAL_Driver/Src/stm32f4xx_hal_tim.o
                0x00000000080013b2                HAL_TIM_IRQHandler
 .text.HAL_TIM_OC_DelayElapsedCallback
                0x00000000080015c2       0x14 Drivers/STM32F4xx_HAL_Driver/Src/stm32f4xx_hal_tim.o
                0x00000000080015c2                HAL_TIM_OC_DelayElapsedCallback
 .text.HAL_TIM_IC_CaptureCallback
                0x00000000080015d6       0x14 Drivers/STM32F4xx_HAL_Driver/Src/stm32f4xx_hal_tim.o
                0x00000000080015d6                HAL_TIM_IC_CaptureCallback
 .text.HAL_TIM_PWM_PulseFinishedCallback
                0x00000000080015ea       0x14 Drivers/STM32F4xx_HAL_Driver/Src/stm32f4xx_hal_tim.o
                0x00000000080015ea                HAL_TIM_PWM_PulseFinishedCallback
 .text.HAL_TIM_TriggerCallback
                0x00000000080015fe       0x14 Drivers/STM32F4xx_HAL_Driver/Src/stm32f4xx_hal_tim.o
                0x00000000080015fe                HAL_TIM_TriggerCallback
 *fill*         0x0000000008001612        0x2 
 .text.TIM_Base_SetConfig
                0x0000000008001614      0x100 Drivers/STM32F4xx_HAL_Driver/Src/stm32f4xx_hal_tim.o
                0x0000000008001614                TIM_Base_SetConfig
 .text.HAL_TIMEx_CommutCallback
                0x0000000008001714       0x14 Drivers/STM32F4xx_HAL_Driver/Src/stm32f4xx_hal_tim_ex.o
                0x0000000008001714                HAL_TIMEx_CommutCallback
 .text.HAL_TIMEx_BreakCallback
                0x0000000008001728       0x14 Drivers/STM32F4xx_HAL_Driver/Src/stm32f4xx_hal_tim_ex.o
                0x0000000008001728                HAL_TIMEx_BreakCallback
 .text.vListInitialise
                0x000000000800173c       0x40 ThirdParty/FreeRTOS/org/Source/list.o
                0x000000000800173c                vListInitialise
 .text.vListInitialiseItem
                0x000000000800177c       0x1a ThirdParty/FreeRTOS/org/Source/list.o
                0x000000000800177c                vListInitialiseItem
 .text.vListInsertEnd
                0x0000000008001796       0x48 ThirdParty/FreeRTOS/org/Source/list.o
                0x0000000008001796                vListInsertEnd
 .text.vListInsert
                0x00000000080017de       0x72 ThirdParty/FreeRTOS/org/Source/list.o
                0x00000000080017de                vListInsert
 .text.uxListRemove
                0x0000000008001850       0x54 ThirdParty/FreeRTOS/org/Source/list.o
                0x0000000008001850                uxListRemove
 .text.xQueueGenericReset
                0x00000000080018a4       0xd0 ThirdParty/FreeRTOS/org/Source/queue.o
                0x00000000080018a4                xQueueGenericReset
 .text.xQueueGenericCreate
                0x0000000008001974       0x6a ThirdParty/FreeRTOS/org/Source/queue.o
                0x0000000008001974                xQueueGenericCreate
 .text.prvInitialiseNewQueue
                0x00000000080019de       0x46 ThirdParty/FreeRTOS/org/Source/queue.o
 .text.xQueueGenericSend
                0x0000000008001a24      0x1f4 ThirdParty/FreeRTOS/org/Source/queue.o
                0x0000000008001a24                xQueueGenericSend
 .text.xQueueGenericSendFromISR
                0x0000000008001c18      0x12e ThirdParty/FreeRTOS/org/Source/queue.o
                0x0000000008001c18                xQueueGenericSendFromISR
 *fill*         0x0000000008001d46        0x2 
 .text.xQueueReceive
                0x0000000008001d48      0x1b8 ThirdParty/FreeRTOS/org/Source/queue.o
                0x0000000008001d48                xQueueReceive
 .text.prvCopyDataToQueue
                0x0000000008001f00       0xd4 ThirdParty/FreeRTOS/org/Source/queue.o
 .text.prvCopyDataFromQueue
                0x0000000008001fd4       0x4c ThirdParty/FreeRTOS/org/Source/queue.o
 .text.prvUnlockQueue
                0x0000000008002020       0xa4 ThirdParty/FreeRTOS/org/Source/queue.o
 .text.prvIsQueueEmpty
                0x00000000080020c4       0x2c ThirdParty/FreeRTOS/org/Source/queue.o
 .text.prvIsQueueFull
                0x00000000080020f0       0x30 ThirdParty/FreeRTOS/org/Source/queue.o
 .text.vQueueAddToRegistry
                0x0000000008002120       0x50 ThirdParty/FreeRTOS/org/Source/queue.o
                0x0000000008002120                vQueueAddToRegistry
 .text.vQueueWaitForMessageRestricted
                0x0000000008002170       0x68 ThirdParty/FreeRTOS/org/Source/queue.o
                0x0000000008002170                vQueueWaitForMessageRestricted
 .text.xTaskCreate
                0x00000000080021d8       0x82 ThirdParty/FreeRTOS/org/Source/tasks.o
                0x00000000080021d8                xTaskCreate
 .text.prvInitialiseNewTask
                0x000000000800225a      0x11c ThirdParty/FreeRTOS/org/Source/tasks.o
 *fill*         0x0000000008002376        0x2 
 .text.prvAddNewTaskToReadyList
                0x0000000008002378       0xdc ThirdParty/FreeRTOS/org/Source/tasks.o
 .text.vTaskStartScheduler
                0x0000000008002454       0x98 ThirdParty/FreeRTOS/org/Source/tasks.o
                0x0000000008002454                vTaskStartScheduler
 .text.vTaskSuspendAll
                0x00000000080024ec       0x1c ThirdParty/FreeRTOS/org/Source/tasks.o
                0x00000000080024ec                vTaskSuspendAll
 .text.xTaskResumeAll
                0x0000000008002508      0x138 ThirdParty/FreeRTOS/org/Source/tasks.o
                0x0000000008002508                xTaskResumeAll
 .text.xTaskGetTickCount
                0x0000000008002640       0x20 ThirdParty/FreeRTOS/org/Source/tasks.o
                0x0000000008002640                xTaskGetTickCount
 .text.xTaskIncrementTick
                0x0000000008002660      0x170 ThirdParty/FreeRTOS/org/Source/tasks.o
                0x0000000008002660                xTaskIncrementTick
 .text.vTaskSwitchContext
                0x00000000080027d0       0xb4 ThirdParty/FreeRTOS/org/Source/tasks.o
                0x00000000080027d0                vTaskSwitchContext
 .text.vTaskPlaceOnEventList
                0x0000000008002884       0x48 ThirdParty/FreeRTOS/org/Source/tasks.o
                0x0000000008002884                vTaskPlaceOnEventList
 .text.vTaskPlaceOnEventListRestricted
                0x00000000080028cc       0x54 ThirdParty/FreeRTOS/org/Source/tasks.o
                0x00000000080028cc                vTaskPlaceOnEventListRestricted
 .text.xTaskRemoveFromEventList
                0x0000000008002920       0xc4 ThirdParty/FreeRTOS/org/Source/tasks.o
                0x0000000008002920                xTaskRemoveFromEventList
 .text.vTaskInternalSetTimeOutState
                0x00000000080029e4       0x2c ThirdParty/FreeRTOS/org/Source/tasks.o
                0x00000000080029e4                vTaskInternalSetTimeOutState
 .text.xTaskCheckForTimeOut
                0x0000000008002a10       0xc0 ThirdParty/FreeRTOS/org/Source/tasks.o
                0x0000000008002a10                xTaskCheckForTimeOut
 .text.vTaskMissedYield
                0x0000000008002ad0       0x18 ThirdParty/FreeRTOS/org/Source/tasks.o
                0x0000000008002ad0                vTaskMissedYield
 .text.prvIdleTask
                0x0000000008002ae8       0x30 ThirdParty/FreeRTOS/org/Source/tasks.o
 .text.prvInitialiseTaskLists
                0x0000000008002b18       0x80 ThirdParty/FreeRTOS/org/Source/tasks.o
 .text.prvCheckTasksWaitingTermination
                0x0000000008002b98       0x58 ThirdParty/FreeRTOS/org/Source/tasks.o
 .text.prvDeleteTCB
                0x0000000008002bf0       0x20 ThirdParty/FreeRTOS/org/Source/tasks.o
 .text.prvResetNextTaskUnblockTime
                0x0000000008002c10       0x40 ThirdParty/FreeRTOS/org/Source/tasks.o
 .text.xTaskGetSchedulerState
                0x0000000008002c50       0x3c ThirdParty/FreeRTOS/org/Source/tasks.o
                0x0000000008002c50                xTaskGetSchedulerState
 .text.xTaskPriorityDisinherit
                0x0000000008002c8c      0x108 ThirdParty/FreeRTOS/org/Source/tasks.o
                0x0000000008002c8c                xTaskPriorityDisinherit
 .text.prvAddCurrentTaskToDelayedList
                0x0000000008002d94       0xcc ThirdParty/FreeRTOS/org/Source/tasks.o
 .text.xTimerCreateTimerTask
                0x0000000008002e60       0x64 ThirdParty/FreeRTOS/org/Source/timers.o
                0x0000000008002e60                xTimerCreateTimerTask
 .text.xTimerGenericCommand
                0x0000000008002ec4       0x98 ThirdParty/FreeRTOS/org/Source/timers.o
                0x0000000008002ec4                xTimerGenericCommand
 .text.prvProcessExpiredTimer
                0x0000000008002f5c       0x98 ThirdParty/FreeRTOS/org/Source/timers.o
 .text.prvTimerTask
                0x0000000008002ff4       0x24 ThirdParty/FreeRTOS/org/Source/timers.o
 .text.prvProcessTimerOrBlockTask
                0x0000000008003018       0x9c ThirdParty/FreeRTOS/org/Source/timers.o
 .text.prvGetNextExpireTime
                0x00000000080030b4       0x48 ThirdParty/FreeRTOS/org/Source/timers.o
 .text.prvSampleTimeNow
                0x00000000080030fc       0x40 ThirdParty/FreeRTOS/org/Source/timers.o
 .text.prvInsertTimerInActiveList
                0x000000000800313c       0x84 ThirdParty/FreeRTOS/org/Source/timers.o
 .text.prvProcessReceivedCommands
                0x00000000080031c0      0x188 ThirdParty/FreeRTOS/org/Source/timers.o
 .text.prvSwitchTimerLists
                0x0000000008003348       0xc8 ThirdParty/FreeRTOS/org/Source/timers.o
 .text.prvCheckForValidListAndQueue
                0x0000000008003410       0x6c ThirdParty/FreeRTOS/org/Source/timers.o
 .text.pxPortInitialiseStack
                0x000000000800347c       0x68 ThirdParty/FreeRTOS/org/Source/portable/GCC/ARM_CM4F/port.o
                0x000000000800347c                pxPortInitialiseStack
 .text.prvTaskExitError
                0x00000000080034e4       0x54 ThirdParty/FreeRTOS/org/Source/portable/GCC/ARM_CM4F/port.o
 *fill*         0x0000000008003538        0x8 
 .text.SVC_Handler
                0x0000000008003540       0x28 ThirdParty/FreeRTOS/org/Source/portable/GCC/ARM_CM4F/port.o
                0x0000000008003540                SVC_Handler
 .text.prvPortStartFirstTask
                0x0000000008003568       0x28 ThirdParty/FreeRTOS/org/Source/portable/GCC/ARM_CM4F/port.o
 .text.xPortStartScheduler
                0x0000000008003590      0x13c ThirdParty/FreeRTOS/org/Source/portable/GCC/ARM_CM4F/port.o
                0x0000000008003590                xPortStartScheduler
 .text.vPortEnterCritical
                0x00000000080036cc       0x5c ThirdParty/FreeRTOS/org/Source/portable/GCC/ARM_CM4F/port.o
                0x00000000080036cc                vPortEnterCritical
 .text.vPortExitCritical
                0x0000000008003728       0x50 ThirdParty/FreeRTOS/org/Source/portable/GCC/ARM_CM4F/port.o
                0x0000000008003728                vPortExitCritical
 *fill*         0x0000000008003778        0x8 
 .text.PendSV_Handler
                0x0000000008003780       0x68 ThirdParty/FreeRTOS/org/Source/portable/GCC/ARM_CM4F/port.o
                0x0000000008003780                PendSV_Handler
 .text.SysTick_Handler
                0x00000000080037e8       0x40 ThirdParty/FreeRTOS/org/Source/portable/GCC/ARM_CM4F/port.o
                0x00000000080037e8                SysTick_Handler
 .text.vPortSetupTimerInterrupt
                0x0000000008003828       0x48 ThirdParty/FreeRTOS/org/Source/portable/GCC/ARM_CM4F/port.o
                0x0000000008003828                vPortSetupTimerInterrupt
 .text.vPortEnableVFP
                0x0000000008003870       0x14 ThirdParty/FreeRTOS/org/Source/portable/GCC/ARM_CM4F/port.o
 .text.vPortValidateInterruptPriority
                0x0000000008003884       0x7c ThirdParty/FreeRTOS/org/Source/portable/GCC/ARM_CM4F/port.o
                0x0000000008003884                vPortValidateInterruptPriority
 .text.pvPortMalloc
                0x0000000008003900      0x190 ThirdParty/FreeRTOS/org/Source/portable/MemMang/heap_4.o
                0x0000000008003900                pvPortMalloc
 .text.vPortFree
                0x0000000008003a90       0xc0 ThirdParty/FreeRTOS/org/Source/portable/MemMang/heap_4.o
                0x0000000008003a90                vPortFree
 .text.prvHeapInit
                0x0000000008003b50       0xc4 ThirdParty/FreeRTOS/org/Source/portable/MemMang/heap_4.o
 .text.prvInsertBlockIntoFreeList
                0x0000000008003c14       0xb4 ThirdParty/FreeRTOS/org/Source/portable/MemMang/heap_4.o
 .text.__libc_init_array
                0x0000000008003cc8       0x48 /Applications/STM32CubeIDE.app/Contents/Eclipse/plugins/com.st.stm32cube.ide.mcu.externaltools.gnu-tools-for-stm32.7-2018-q2-update.macos64_1.0.0.201904181610/tools/bin/../lib/gcc/arm-none-eabi/7.3.1/../../../../arm-none-eabi/lib/thumb/v7e-m/fpv4-sp/hard/libc_nano.a(lib_a-init.o)
                0x0000000008003cc8                __libc_init_array
 .text.memcpy   0x0000000008003d10       0x16 /Applications/STM32CubeIDE.app/Contents/Eclipse/plugins/com.st.stm32cube.ide.mcu.externaltools.gnu-tools-for-stm32.7-2018-q2-update.macos64_1.0.0.201904181610/tools/bin/../lib/gcc/arm-none-eabi/7.3.1/../../../../arm-none-eabi/lib/thumb/v7e-m/fpv4-sp/hard/libc_nano.a(lib_a-memcpy-stub.o)
                0x0000000008003d10                memcpy
 .text.memset   0x0000000008003d26       0x10 /Applications/STM32CubeIDE.app/Contents/Eclipse/plugins/com.st.stm32cube.ide.mcu.externaltools.gnu-tools-for-stm32.7-2018-q2-update.macos64_1.0.0.201904181610/tools/bin/../lib/gcc/arm-none-eabi/7.3.1/../../../../arm-none-eabi/lib/thumb/v7e-m/fpv4-sp/hard/libc_nano.a(lib_a-memset.o)
                0x0000000008003d26                memset
 *(.glue_7)
 .glue_7        0x0000000008003d36        0x0 linker stubs
 *(.glue_7t)
 .glue_7t       0x0000000008003d36        0x0 linker stubs
 *(.eh_frame)
 *fill*         0x0000000008003d36        0x2 
 .eh_frame      0x0000000008003d38        0x0 /Applications/STM32CubeIDE.app/Contents/Eclipse/plugins/com.st.stm32cube.ide.mcu.externaltools.gnu-tools-for-stm32.7-2018-q2-update.macos64_1.0.0.201904181610/tools/bin/../lib/gcc/arm-none-eabi/7.3.1/thumb/v7e-m/fpv4-sp/hard/crtbegin.o
 *(.init)
 .init          0x0000000008003d38        0x4 /Applications/STM32CubeIDE.app/Contents/Eclipse/plugins/com.st.stm32cube.ide.mcu.externaltools.gnu-tools-for-stm32.7-2018-q2-update.macos64_1.0.0.201904181610/tools/bin/../lib/gcc/arm-none-eabi/7.3.1/thumb/v7e-m/fpv4-sp/hard/crti.o
                0x0000000008003d38                _init
 .init          0x0000000008003d3c        0x8 /Applications/STM32CubeIDE.app/Contents/Eclipse/plugins/com.st.stm32cube.ide.mcu.externaltools.gnu-tools-for-stm32.7-2018-q2-update.macos64_1.0.0.201904181610/tools/bin/../lib/gcc/arm-none-eabi/7.3.1/thumb/v7e-m/fpv4-sp/hard/crtn.o
 *(.fini)
 .fini          0x0000000008003d44        0x4 /Applications/STM32CubeIDE.app/Contents/Eclipse/plugins/com.st.stm32cube.ide.mcu.externaltools.gnu-tools-for-stm32.7-2018-q2-update.macos64_1.0.0.201904181610/tools/bin/../lib/gcc/arm-none-eabi/7.3.1/thumb/v7e-m/fpv4-sp/hard/crti.o
                0x0000000008003d44                _fini
 .fini          0x0000000008003d48        0x8 /Applications/STM32CubeIDE.app/Contents/Eclipse/plugins/com.st.stm32cube.ide.mcu.externaltools.gnu-tools-for-stm32.7-2018-q2-update.macos64_1.0.0.201904181610/tools/bin/../lib/gcc/arm-none-eabi/7.3.1/thumb/v7e-m/fpv4-sp/hard/crtn.o
                0x0000000008003d50                . = ALIGN (0x4)
                0x0000000008003d50                _etext = .

.vfp11_veneer   0x0000000008003d50        0x0
 .vfp11_veneer  0x0000000008003d50        0x0 linker stubs

.v4_bx          0x0000000008003d50        0x0
 .v4_bx         0x0000000008003d50        0x0 linker stubs

.iplt           0x0000000008003d50        0x0
 .iplt          0x0000000008003d50        0x0 /Applications/STM32CubeIDE.app/Contents/Eclipse/plugins/com.st.stm32cube.ide.mcu.externaltools.gnu-tools-for-stm32.7-2018-q2-update.macos64_1.0.0.201904181610/tools/bin/../lib/gcc/arm-none-eabi/7.3.1/thumb/v7e-m/fpv4-sp/hard/crtbegin.o

.rodata         0x0000000008003d50       0x40
                0x0000000008003d50                . = ALIGN (0x4)
 *(.rodata)
 .rodata        0x0000000008003d50       0x10 Core/Src/main.o
 .rodata        0x0000000008003d60        0x5 ThirdParty/FreeRTOS/org/Source/tasks.o
 *fill*         0x0000000008003d65        0x3 
 .rodata        0x0000000008003d68        0xd ThirdParty/FreeRTOS/org/Source/timers.o
 *(.rodata*)
 *fill*         0x0000000008003d75        0x3 
 .rodata.AHBPrescTable
                0x0000000008003d78       0x10 Core/Src/system_stm32f4xx.o
                0x0000000008003d78                AHBPrescTable
 .rodata.APBPrescTable
                0x0000000008003d88        0x8 Core/Src/system_stm32f4xx.o
                0x0000000008003d88                APBPrescTable
                0x0000000008003d90                . = ALIGN (0x4)

.ARM.extab      0x0000000008003d90        0x0
                0x0000000008003d90                . = ALIGN (0x4)
 *(.ARM.extab* .gnu.linkonce.armextab.*)
                0x0000000008003d90                . = ALIGN (0x4)

.ARM            0x0000000008003d90        0x8
                0x0000000008003d90                . = ALIGN (0x4)
                0x0000000008003d90                __exidx_start = .
 *(.ARM.exidx*)
 .ARM.exidx     0x0000000008003d90        0x8 /Applications/STM32CubeIDE.app/Contents/Eclipse/plugins/com.st.stm32cube.ide.mcu.externaltools.gnu-tools-for-stm32.7-2018-q2-update.macos64_1.0.0.201904181610/tools/bin/../lib/gcc/arm-none-eabi/7.3.1/thumb/v7e-m/fpv4-sp/hard/libgcc.a(_udivmoddi4.o)
                0x0000000008003d98                __exidx_end = .
                0x0000000008003d98                . = ALIGN (0x4)

.rel.dyn        0x0000000008003d98        0x0
 .rel.iplt      0x0000000008003d98        0x0 /Applications/STM32CubeIDE.app/Contents/Eclipse/plugins/com.st.stm32cube.ide.mcu.externaltools.gnu-tools-for-stm32.7-2018-q2-update.macos64_1.0.0.201904181610/tools/bin/../lib/gcc/arm-none-eabi/7.3.1/thumb/v7e-m/fpv4-sp/hard/crtbegin.o

.preinit_array  0x0000000008003d98        0x0
                0x0000000008003d98                . = ALIGN (0x4)
                0x0000000008003d98                PROVIDE (__preinit_array_start = .)
 *(.preinit_array*)
                0x0000000008003d98                PROVIDE (__preinit_array_end = .)
                0x0000000008003d98                . = ALIGN (0x4)

.init_array     0x0000000008003d98        0x4
                0x0000000008003d98                . = ALIGN (0x4)
                0x0000000008003d98                PROVIDE (__init_array_start = .)
 *(SORT_BY_NAME(.init_array.*))
 *(.init_array*)
 .init_array    0x0000000008003d98        0x4 /Applications/STM32CubeIDE.app/Contents/Eclipse/plugins/com.st.stm32cube.ide.mcu.externaltools.gnu-tools-for-stm32.7-2018-q2-update.macos64_1.0.0.201904181610/tools/bin/../lib/gcc/arm-none-eabi/7.3.1/thumb/v7e-m/fpv4-sp/hard/crtbegin.o
                0x0000000008003d9c                PROVIDE (__init_array_end = .)
                0x0000000008003d9c                . = ALIGN (0x4)

.fini_array     0x0000000008003d9c        0x4
                0x0000000008003d9c                . = ALIGN (0x4)
                [!provide]                        PROVIDE (__fini_array_start = .)
 *(SORT_BY_NAME(.fini_array.*))
 *(.fini_array*)
 .fini_array    0x0000000008003d9c        0x4 /Applications/STM32CubeIDE.app/Contents/Eclipse/plugins/com.st.stm32cube.ide.mcu.externaltools.gnu-tools-for-stm32.7-2018-q2-update.macos64_1.0.0.201904181610/tools/bin/../lib/gcc/arm-none-eabi/7.3.1/thumb/v7e-m/fpv4-sp/hard/crtbegin.o
                [!provide]                        PROVIDE (__fini_array_end = .)
                0x0000000008003da0                . = ALIGN (0x4)
                0x0000000008003da0                _sidata = LOADADDR (.data)

.data           0x0000000020000000       0x10 load address 0x0000000008003da0
                0x0000000020000000                . = ALIGN (0x4)
                0x0000000020000000                _sdata = .
 *(.data)
 *(.data*)
 .data.SystemCoreClock
                0x0000000020000000        0x4 Core/Src/system_stm32f4xx.o
                0x0000000020000000                SystemCoreClock
 .data.uwTickPrio
                0x0000000020000004        0x4 Drivers/STM32F4xx_HAL_Driver/Src/stm32f4xx_hal.o
                0x0000000020000004                uwTickPrio
 .data.uwTickFreq
                0x0000000020000008        0x1 Drivers/STM32F4xx_HAL_Driver/Src/stm32f4xx_hal.o
                0x0000000020000008                uwTickFreq
 *fill*         0x0000000020000009        0x3 
 .data.uxCriticalNesting
                0x000000002000000c        0x4 ThirdParty/FreeRTOS/org/Source/portable/GCC/ARM_CM4F/port.o
                0x0000000020000010                . = ALIGN (0x4)
                0x0000000020000010                _edata = .

.igot.plt       0x0000000020000010        0x0 load address 0x0000000008003db0
 .igot.plt      0x0000000020000010        0x0 /Applications/STM32CubeIDE.app/Contents/Eclipse/plugins/com.st.stm32cube.ide.mcu.externaltools.gnu-tools-for-stm32.7-2018-q2-update.macos64_1.0.0.201904181610/tools/bin/../lib/gcc/arm-none-eabi/7.3.1/thumb/v7e-m/fpv4-sp/hard/crtbegin.o
                0x0000000020000010                . = ALIGN (0x4)

.bss            0x0000000020000010    0x12e10 load address 0x0000000008003db0
                0x0000000020000010                _sbss = .
                0x0000000020000010                __bss_start__ = _sbss
 *(.bss)
 .bss           0x0000000020000010       0x1c /Applications/STM32CubeIDE.app/Contents/Eclipse/plugins/com.st.stm32cube.ide.mcu.externaltools.gnu-tools-for-stm32.7-2018-q2-update.macos64_1.0.0.201904181610/tools/bin/../lib/gcc/arm-none-eabi/7.3.1/thumb/v7e-m/fpv4-sp/hard/crtbegin.o
 *(.bss*)
 .bss.xTaskBlinky
                0x000000002000002c        0x4 Core/Src/main.o
                0x000000002000002c                xTaskBlinky
 .bss.xTaskBlinky1
                0x0000000020000030        0x4 Core/Src/main.o
                0x0000000020000030                xTaskBlinky1
 .bss.pxCurrentTCB
                0x0000000020000034        0x4 ThirdParty/FreeRTOS/org/Source/tasks.o
                0x0000000020000034                pxCurrentTCB
 .bss.pxReadyTasksLists
                0x0000000020000038       0x64 ThirdParty/FreeRTOS/org/Source/tasks.o
 .bss.xDelayedTaskList1
                0x000000002000009c       0x14 ThirdParty/FreeRTOS/org/Source/tasks.o
 .bss.xDelayedTaskList2
                0x00000000200000b0       0x14 ThirdParty/FreeRTOS/org/Source/tasks.o
 .bss.pxDelayedTaskList
                0x00000000200000c4        0x4 ThirdParty/FreeRTOS/org/Source/tasks.o
 .bss.pxOverflowDelayedTaskList
                0x00000000200000c8        0x4 ThirdParty/FreeRTOS/org/Source/tasks.o
 .bss.xPendingReadyList
                0x00000000200000cc       0x14 ThirdParty/FreeRTOS/org/Source/tasks.o
 .bss.xTasksWaitingTermination
                0x00000000200000e0       0x14 ThirdParty/FreeRTOS/org/Source/tasks.o
 .bss.uxDeletedTasksWaitingCleanUp
                0x00000000200000f4        0x4 ThirdParty/FreeRTOS/org/Source/tasks.o
 .bss.xSuspendedTaskList
                0x00000000200000f8       0x14 ThirdParty/FreeRTOS/org/Source/tasks.o
 .bss.uxCurrentNumberOfTasks
                0x000000002000010c        0x4 ThirdParty/FreeRTOS/org/Source/tasks.o
 .bss.xTickCount
                0x0000000020000110        0x4 ThirdParty/FreeRTOS/org/Source/tasks.o
 .bss.uxTopReadyPriority
                0x0000000020000114        0x4 ThirdParty/FreeRTOS/org/Source/tasks.o
 .bss.xSchedulerRunning
                0x0000000020000118        0x4 ThirdParty/FreeRTOS/org/Source/tasks.o
 .bss.xPendedTicks
                0x000000002000011c        0x4 ThirdParty/FreeRTOS/org/Source/tasks.o
 .bss.xYieldPending
                0x0000000020000120        0x4 ThirdParty/FreeRTOS/org/Source/tasks.o
 .bss.xNumOfOverflows
                0x0000000020000124        0x4 ThirdParty/FreeRTOS/org/Source/tasks.o
 .bss.uxTaskNumber
                0x0000000020000128        0x4 ThirdParty/FreeRTOS/org/Source/tasks.o
 .bss.xNextTaskUnblockTime
                0x000000002000012c        0x4 ThirdParty/FreeRTOS/org/Source/tasks.o
 .bss.xIdleTaskHandle
                0x0000000020000130        0x4 ThirdParty/FreeRTOS/org/Source/tasks.o
 .bss.uxSchedulerSuspended
                0x0000000020000134        0x4 ThirdParty/FreeRTOS/org/Source/tasks.o
 .bss.xActiveTimerList1
                0x0000000020000138       0x14 ThirdParty/FreeRTOS/org/Source/timers.o
 .bss.xActiveTimerList2
                0x000000002000014c       0x14 ThirdParty/FreeRTOS/org/Source/timers.o
 .bss.pxCurrentTimerList
                0x0000000020000160        0x4 ThirdParty/FreeRTOS/org/Source/timers.o
 .bss.pxOverflowTimerList
                0x0000000020000164        0x4 ThirdParty/FreeRTOS/org/Source/timers.o
 .bss.xTimerQueue
                0x0000000020000168        0x4 ThirdParty/FreeRTOS/org/Source/timers.o
 .bss.xTimerTaskHandle
                0x000000002000016c        0x4 ThirdParty/FreeRTOS/org/Source/timers.o
 .bss.xLastTime.6725
                0x0000000020000170        0x4 ThirdParty/FreeRTOS/org/Source/timers.o
 .bss.ucMaxSysCallPriority
                0x0000000020000174        0x1 ThirdParty/FreeRTOS/org/Source/portable/GCC/ARM_CM4F/port.o
 *fill*         0x0000000020000175        0x3 
 .bss.ulMaxPRIGROUPValue
                0x0000000020000178        0x4 ThirdParty/FreeRTOS/org/Source/portable/GCC/ARM_CM4F/port.o
 .bss.ucHeap    0x000000002000017c    0x12c00 ThirdParty/FreeRTOS/org/Source/portable/MemMang/heap_4.o
 .bss.xStart    0x0000000020012d7c        0x8 ThirdParty/FreeRTOS/org/Source/portable/MemMang/heap_4.o
 .bss.pxEnd     0x0000000020012d84        0x4 ThirdParty/FreeRTOS/org/Source/portable/MemMang/heap_4.o
 .bss.xFreeBytesRemaining
                0x0000000020012d88        0x4 ThirdParty/FreeRTOS/org/Source/portable/MemMang/heap_4.o
 .bss.xMinimumEverFreeBytesRemaining
                0x0000000020012d8c        0x4 ThirdParty/FreeRTOS/org/Source/portable/MemMang/heap_4.o
 .bss.xNumberOfSuccessfulAllocations
                0x0000000020012d90        0x4 ThirdParty/FreeRTOS/org/Source/portable/MemMang/heap_4.o
 .bss.xNumberOfSuccessfulFrees
                0x0000000020012d94        0x4 ThirdParty/FreeRTOS/org/Source/portable/MemMang/heap_4.o
 .bss.xBlockAllocatedBit
                0x0000000020012d98        0x4 ThirdParty/FreeRTOS/org/Source/portable/MemMang/heap_4.o
 *(COMMON)
 COMMON         0x0000000020012d9c       0x40 Core/Src/stm32f4xx_hal_timebase_tim.o
                0x0000000020012d9c                htim9
 COMMON         0x0000000020012ddc        0x4 Drivers/STM32F4xx_HAL_Driver/Src/stm32f4xx_hal.o
                0x0000000020012ddc                uwTick
 COMMON         0x0000000020012de0       0x40 ThirdParty/FreeRTOS/org/Source/queue.o
                0x0000000020012de0                xQueueRegistry
                0x0000000020012e20                . = ALIGN (0x4)
                0x0000000020012e20                _ebss = .
                0x0000000020012e20                __bss_end__ = _ebss

._user_heap_stack
                0x0000000020012e20      0x600 load address 0x0000000008003db0
                0x0000000020012e20                . = ALIGN (0x8)
                0x0000000020012e20                PROVIDE (end = .)
                [!provide]                        PROVIDE (_end = .)
                0x0000000020013020                . = (. + _Min_Heap_Size)
 *fill*         0x0000000020012e20      0x200 
                0x0000000020013420                . = (. + _Min_Stack_Size)
 *fill*         0x0000000020013020      0x400 
                0x0000000020013420                . = ALIGN (0x8)

/DISCARD/
 libc.a(*)
 libm.a(*)
 libgcc.a(*)

.ARM.attributes
                0x0000000000000000       0x30
 *(.ARM.attributes)
 .ARM.attributes
                0x0000000000000000       0x22 /Applications/STM32CubeIDE.app/Contents/Eclipse/plugins/com.st.stm32cube.ide.mcu.externaltools.gnu-tools-for-stm32.7-2018-q2-update.macos64_1.0.0.201904181610/tools/bin/../lib/gcc/arm-none-eabi/7.3.1/thumb/v7e-m/fpv4-sp/hard/crti.o
 .ARM.attributes
                0x0000000000000022       0x34 /Applications/STM32CubeIDE.app/Contents/Eclipse/plugins/com.st.stm32cube.ide.mcu.externaltools.gnu-tools-for-stm32.7-2018-q2-update.macos64_1.0.0.201904181610/tools/bin/../lib/gcc/arm-none-eabi/7.3.1/thumb/v7e-m/fpv4-sp/hard/crtbegin.o
 .ARM.attributes
                0x0000000000000056       0x39 Core/Src/main.o
 .ARM.attributes
                0x000000000000008f       0x39 Core/Src/stm32f4xx_hal_msp.o
 .ARM.attributes
                0x00000000000000c8       0x39 Core/Src/stm32f4xx_hal_timebase_tim.o
 .ARM.attributes
                0x0000000000000101       0x39 Core/Src/stm32f4xx_it.o
 .ARM.attributes
                0x000000000000013a       0x39 Core/Src/system_stm32f4xx.o
 .ARM.attributes
                0x0000000000000173       0x21 Core/Startup/startup_stm32f401retx.o
 .ARM.attributes
                0x0000000000000194       0x39 Drivers/STM32F4xx_HAL_Driver/Src/stm32f4xx_hal.o
 .ARM.attributes
                0x00000000000001cd       0x39 Drivers/STM32F4xx_HAL_Driver/Src/stm32f4xx_hal_cortex.o
 .ARM.attributes
                0x0000000000000206       0x39 Drivers/STM32F4xx_HAL_Driver/Src/stm32f4xx_hal_rcc.o
 .ARM.attributes
                0x000000000000023f       0x39 Drivers/STM32F4xx_HAL_Driver/Src/stm32f4xx_hal_tim.o
 .ARM.attributes
                0x0000000000000278       0x39 Drivers/STM32F4xx_HAL_Driver/Src/stm32f4xx_hal_tim_ex.o
 .ARM.attributes
                0x00000000000002b1       0x39 ThirdParty/FreeRTOS/org/Source/list.o
 .ARM.attributes
                0x00000000000002ea       0x39 ThirdParty/FreeRTOS/org/Source/queue.o
 .ARM.attributes
                0x0000000000000323       0x39 ThirdParty/FreeRTOS/org/Source/tasks.o
 .ARM.attributes
                0x000000000000035c       0x39 ThirdParty/FreeRTOS/org/Source/timers.o
 .ARM.attributes
                0x0000000000000395       0x39 ThirdParty/FreeRTOS/org/Source/portable/GCC/ARM_CM4F/port.o
 .ARM.attributes
                0x00000000000003ce       0x39 ThirdParty/FreeRTOS/org/Source/portable/MemMang/heap_4.o
 .ARM.attributes
                0x0000000000000407       0x34 /Applications/STM32CubeIDE.app/Contents/Eclipse/plugins/com.st.stm32cube.ide.mcu.externaltools.gnu-tools-for-stm32.7-2018-q2-update.macos64_1.0.0.201904181610/tools/bin/../lib/gcc/arm-none-eabi/7.3.1/../../../../arm-none-eabi/lib/thumb/v7e-m/fpv4-sp/hard/libc_nano.a(lib_a-init.o)
 .ARM.attributes
                0x000000000000043b       0x34 /Applications/STM32CubeIDE.app/Contents/Eclipse/plugins/com.st.stm32cube.ide.mcu.externaltools.gnu-tools-for-stm32.7-2018-q2-update.macos64_1.0.0.201904181610/tools/bin/../lib/gcc/arm-none-eabi/7.3.1/../../../../arm-none-eabi/lib/thumb/v7e-m/fpv4-sp/hard/libc_nano.a(lib_a-memcpy-stub.o)
 .ARM.attributes
                0x000000000000046f       0x34 /Applications/STM32CubeIDE.app/Contents/Eclipse/plugins/com.st.stm32cube.ide.mcu.externaltools.gnu-tools-for-stm32.7-2018-q2-update.macos64_1.0.0.201904181610/tools/bin/../lib/gcc/arm-none-eabi/7.3.1/../../../../arm-none-eabi/lib/thumb/v7e-m/fpv4-sp/hard/libc_nano.a(lib_a-memset.o)
 .ARM.attributes
                0x00000000000004a3       0x22 /Applications/STM32CubeIDE.app/Contents/Eclipse/plugins/com.st.stm32cube.ide.mcu.externaltools.gnu-tools-for-stm32.7-2018-q2-update.macos64_1.0.0.201904181610/tools/bin/../lib/gcc/arm-none-eabi/7.3.1/thumb/v7e-m/fpv4-sp/hard/libgcc.a(_aeabi_uldivmod.o)
 .ARM.attributes
                0x00000000000004c5       0x34 /Applications/STM32CubeIDE.app/Contents/Eclipse/plugins/com.st.stm32cube.ide.mcu.externaltools.gnu-tools-for-stm32.7-2018-q2-update.macos64_1.0.0.201904181610/tools/bin/../lib/gcc/arm-none-eabi/7.3.1/thumb/v7e-m/fpv4-sp/hard/libgcc.a(_udivmoddi4.o)
 .ARM.attributes
                0x00000000000004f9       0x22 /Applications/STM32CubeIDE.app/Contents/Eclipse/plugins/com.st.stm32cube.ide.mcu.externaltools.gnu-tools-for-stm32.7-2018-q2-update.macos64_1.0.0.201904181610/tools/bin/../lib/gcc/arm-none-eabi/7.3.1/thumb/v7e-m/fpv4-sp/hard/libgcc.a(_dvmd_tls.o)
 .ARM.attributes
                0x000000000000051b       0x22 /Applications/STM32CubeIDE.app/Contents/Eclipse/plugins/com.st.stm32cube.ide.mcu.externaltools.gnu-tools-for-stm32.7-2018-q2-update.macos64_1.0.0.201904181610/tools/bin/../lib/gcc/arm-none-eabi/7.3.1/thumb/v7e-m/fpv4-sp/hard/crtn.o
OUTPUT(TemperatureLoggerRTOS.elf elf32-littlearm)

.debug_info     0x0000000000000000     0xf35a
 .debug_info    0x0000000000000000      0xaac Core/Src/main.o
 .debug_info    0x0000000000000aac      0x38c Core/Src/stm32f4xx_hal_msp.o
 .debug_info    0x0000000000000e38      0xab9 Core/Src/stm32f4xx_hal_timebase_tim.o
 .debug_info    0x00000000000018f1      0x6b0 Core/Src/stm32f4xx_it.o
 .debug_info    0x0000000000001fa1      0x57e Core/Src/system_stm32f4xx.o
 .debug_info    0x000000000000251f       0x22 Core/Startup/startup_stm32f401retx.o
 .debug_info    0x0000000000002541      0x8ce Drivers/STM32F4xx_HAL_Driver/Src/stm32f4xx_hal.o
 .debug_info    0x0000000000002e0f      0xd92 Drivers/STM32F4xx_HAL_Driver/Src/stm32f4xx_hal_cortex.o
 .debug_info    0x0000000000003ba1      0x929 Drivers/STM32F4xx_HAL_Driver/Src/stm32f4xx_hal_rcc.o
 .debug_info    0x00000000000044ca     0x24a1 Drivers/STM32F4xx_HAL_Driver/Src/stm32f4xx_hal_tim.o
 .debug_info    0x000000000000696b     0x114f Drivers/STM32F4xx_HAL_Driver/Src/stm32f4xx_hal_tim_ex.o
 .debug_info    0x0000000000007aba      0xacb ThirdParty/FreeRTOS/org/Source/list.o
 .debug_info    0x0000000000008585     0x1f37 ThirdParty/FreeRTOS/org/Source/queue.o
 .debug_info    0x000000000000a4bc     0x27b5 ThirdParty/FreeRTOS/org/Source/tasks.o
 .debug_info    0x000000000000cc71     0x14c9 ThirdParty/FreeRTOS/org/Source/timers.o
 .debug_info    0x000000000000e13a      0x533 ThirdParty/FreeRTOS/org/Source/portable/GCC/ARM_CM4F/port.o
 .debug_info    0x000000000000e66d      0xced ThirdParty/FreeRTOS/org/Source/portable/MemMang/heap_4.o

.debug_abbrev   0x0000000000000000     0x2296
 .debug_abbrev  0x0000000000000000      0x1eb Core/Src/main.o
 .debug_abbrev  0x00000000000001eb      0x109 Core/Src/stm32f4xx_hal_msp.o
 .debug_abbrev  0x00000000000002f4      0x1ac Core/Src/stm32f4xx_hal_timebase_tim.o
 .debug_abbrev  0x00000000000004a0      0x169 Core/Src/stm32f4xx_it.o
 .debug_abbrev  0x0000000000000609      0x12b Core/Src/system_stm32f4xx.o
 .debug_abbrev  0x0000000000000734       0x12 Core/Startup/startup_stm32f401retx.o
 .debug_abbrev  0x0000000000000746      0x1f2 Drivers/STM32F4xx_HAL_Driver/Src/stm32f4xx_hal.o
 .debug_abbrev  0x0000000000000938      0x2fa Drivers/STM32F4xx_HAL_Driver/Src/stm32f4xx_hal_cortex.o
 .debug_abbrev  0x0000000000000c32      0x245 Drivers/STM32F4xx_HAL_Driver/Src/stm32f4xx_hal_rcc.o
 .debug_abbrev  0x0000000000000e77      0x23f Drivers/STM32F4xx_HAL_Driver/Src/stm32f4xx_hal_tim.o
 .debug_abbrev  0x00000000000010b6      0x22d Drivers/STM32F4xx_HAL_Driver/Src/stm32f4xx_hal_tim_ex.o
 .debug_abbrev  0x00000000000012e3      0x1cf ThirdParty/FreeRTOS/org/Source/list.o
 .debug_abbrev  0x00000000000014b2      0x31c ThirdParty/FreeRTOS/org/Source/queue.o
 .debug_abbrev  0x00000000000017ce      0x352 ThirdParty/FreeRTOS/org/Source/tasks.o
 .debug_abbrev  0x0000000000001b20      0x2c8 ThirdParty/FreeRTOS/org/Source/timers.o
 .debug_abbrev  0x0000000000001de8      0x210 ThirdParty/FreeRTOS/org/Source/portable/GCC/ARM_CM4F/port.o
 .debug_abbrev  0x0000000000001ff8      0x29e ThirdParty/FreeRTOS/org/Source/portable/MemMang/heap_4.o

.debug_aranges  0x0000000000000000      0xdd8
 .debug_aranges
                0x0000000000000000       0x48 Core/Src/main.o
 .debug_aranges
                0x0000000000000048       0x20 Core/Src/stm32f4xx_hal_msp.o
 .debug_aranges
                0x0000000000000068       0x30 Core/Src/stm32f4xx_hal_timebase_tim.o
 .debug_aranges
                0x0000000000000098       0x50 Core/Src/stm32f4xx_it.o
 .debug_aranges
                0x00000000000000e8       0x28 Core/Src/system_stm32f4xx.o
 .debug_aranges
                0x0000000000000110       0x28 Core/Startup/startup_stm32f401retx.o
 .debug_aranges
                0x0000000000000138       0xf0 Drivers/STM32F4xx_HAL_Driver/Src/stm32f4xx_hal.o
 .debug_aranges
                0x0000000000000228      0x118 Drivers/STM32F4xx_HAL_Driver/Src/stm32f4xx_hal_cortex.o
 .debug_aranges
                0x0000000000000340       0x88 Drivers/STM32F4xx_HAL_Driver/Src/stm32f4xx_hal_rcc.o
 .debug_aranges
                0x00000000000003c8      0x3a8 Drivers/STM32F4xx_HAL_Driver/Src/stm32f4xx_hal_tim.o
 .debug_aranges
                0x0000000000000770      0x150 Drivers/STM32F4xx_HAL_Driver/Src/stm32f4xx_hal_tim_ex.o
 .debug_aranges
                0x00000000000008c0       0x40 ThirdParty/FreeRTOS/org/Source/list.o
 .debug_aranges
                0x0000000000000900      0x130 ThirdParty/FreeRTOS/org/Source/queue.o
 .debug_aranges
                0x0000000000000a30      0x1f8 ThirdParty/FreeRTOS/org/Source/tasks.o
 .debug_aranges
                0x0000000000000c28       0xd8 ThirdParty/FreeRTOS/org/Source/timers.o
 .debug_aranges
                0x0000000000000d00       0x80 ThirdParty/FreeRTOS/org/Source/portable/GCC/ARM_CM4F/port.o
 .debug_aranges
                0x0000000000000d80       0x58 ThirdParty/FreeRTOS/org/Source/portable/MemMang/heap_4.o

.debug_ranges   0x0000000000000000      0xcd0
 .debug_ranges  0x0000000000000000       0x38 Core/Src/main.o
 .debug_ranges  0x0000000000000038       0x10 Core/Src/stm32f4xx_hal_msp.o
 .debug_ranges  0x0000000000000048       0x20 Core/Src/stm32f4xx_hal_timebase_tim.o
 .debug_ranges  0x0000000000000068       0x40 Core/Src/stm32f4xx_it.o
 .debug_ranges  0x00000000000000a8       0x18 Core/Src/system_stm32f4xx.o
 .debug_ranges  0x00000000000000c0       0x20 Core/Startup/startup_stm32f401retx.o
 .debug_ranges  0x00000000000000e0       0xe0 Drivers/STM32F4xx_HAL_Driver/Src/stm32f4xx_hal.o
 .debug_ranges  0x00000000000001c0      0x108 Drivers/STM32F4xx_HAL_Driver/Src/stm32f4xx_hal_cortex.o
 .debug_ranges  0x00000000000002c8       0x78 Drivers/STM32F4xx_HAL_Driver/Src/stm32f4xx_hal_rcc.o
 .debug_ranges  0x0000000000000340      0x398 Drivers/STM32F4xx_HAL_Driver/Src/stm32f4xx_hal_tim.o
 .debug_ranges  0x00000000000006d8      0x140 Drivers/STM32F4xx_HAL_Driver/Src/stm32f4xx_hal_tim_ex.o
 .debug_ranges  0x0000000000000818       0x30 ThirdParty/FreeRTOS/org/Source/list.o
 .debug_ranges  0x0000000000000848      0x120 ThirdParty/FreeRTOS/org/Source/queue.o
 .debug_ranges  0x0000000000000968      0x1e8 ThirdParty/FreeRTOS/org/Source/tasks.o
 .debug_ranges  0x0000000000000b50       0xc8 ThirdParty/FreeRTOS/org/Source/timers.o
 .debug_ranges  0x0000000000000c18       0x70 ThirdParty/FreeRTOS/org/Source/portable/GCC/ARM_CM4F/port.o
 .debug_ranges  0x0000000000000c88       0x48 ThirdParty/FreeRTOS/org/Source/portable/MemMang/heap_4.o

.debug_macro    0x0000000000000000    0x16337
 .debug_macro   0x0000000000000000      0x236 Core/Src/main.o
 .debug_macro   0x0000000000000236      0xa5a Core/Src/main.o
 .debug_macro   0x0000000000000c90      0x184 Core/Src/main.o
 .debug_macro   0x0000000000000e14       0x2e Core/Src/main.o
 .debug_macro   0x0000000000000e42       0x28 Core/Src/main.o
 .debug_macro   0x0000000000000e6a       0x22 Core/Src/main.o
 .debug_macro   0x0000000000000e8c       0x8e Core/Src/main.o
 .debug_macro   0x0000000000000f1a       0x51 Core/Src/main.o
 .debug_macro   0x0000000000000f6b       0xef Core/Src/main.o
 .debug_macro   0x000000000000105a       0x6a Core/Src/main.o
 .debug_macro   0x00000000000010c4      0x1df Core/Src/main.o
 .debug_macro   0x00000000000012a3       0x1c Core/Src/main.o
 .debug_macro   0x00000000000012bf       0x22 Core/Src/main.o
 .debug_macro   0x00000000000012e1       0xdf Core/Src/main.o
 .debug_macro   0x00000000000013c0     0x102d Core/Src/main.o
 .debug_macro   0x00000000000023ed      0x11f Core/Src/main.o
 .debug_macro   0x000000000000250c     0xb850 Core/Src/main.o
 .debug_macro   0x000000000000dd5c       0x43 Core/Src/main.o
 .debug_macro   0x000000000000dd9f     0x3659 Core/Src/main.o
 .debug_macro   0x00000000000113f8      0x174 Core/Src/main.o
 .debug_macro   0x000000000001156c       0x5a Core/Src/main.o
 .debug_macro   0x00000000000115c6      0x416 Core/Src/main.o
 .debug_macro   0x00000000000119dc      0x9fe Core/Src/main.o
 .debug_macro   0x00000000000123da      0x15f Core/Src/main.o
 .debug_macro   0x0000000000012539      0x117 Core/Src/main.o
 .debug_macro   0x0000000000012650       0xf8 Core/Src/main.o
 .debug_macro   0x0000000000012748       0x27 Core/Src/main.o
 .debug_macro   0x000000000001276f      0x287 Core/Src/main.o
 .debug_macro   0x00000000000129f6       0x5f Core/Src/main.o
 .debug_macro   0x0000000000012a55      0x236 Core/Src/main.o
 .debug_macro   0x0000000000012c8b      0x132 Core/Src/main.o
 .debug_macro   0x0000000000012dbd      0x264 Core/Src/main.o
 .debug_macro   0x0000000000013021       0x2e Core/Src/main.o
 .debug_macro   0x000000000001304f      0x11a Core/Src/main.o
 .debug_macro   0x0000000000013169       0x85 Core/Src/main.o
 .debug_macro   0x00000000000131ee       0x89 Core/Src/main.o
 .debug_macro   0x0000000000013277      0x8a0 Core/Src/main.o
 .debug_macro   0x0000000000013b17       0x47 Core/Src/main.o
 .debug_macro   0x0000000000013b5e      0x126 Core/Src/main.o
 .debug_macro   0x0000000000013c84      0x106 Core/Src/main.o
 .debug_macro   0x0000000000013d8a      0x15a Core/Src/main.o
 .debug_macro   0x0000000000013ee4       0xe4 Core/Src/main.o
 .debug_macro   0x0000000000013fc8       0x1c Core/Src/main.o
 .debug_macro   0x0000000000013fe4       0x26 Core/Src/main.o
 .debug_macro   0x000000000001400a      0x4ef Core/Src/main.o
 .debug_macro   0x00000000000144f9       0xb5 Core/Src/main.o
 .debug_macro   0x00000000000145ae       0xaa Core/Src/main.o
 .debug_macro   0x0000000000014658      0x1ce Core/Src/stm32f4xx_hal_msp.o
 .debug_macro   0x0000000000014826      0x1c4 Core/Src/stm32f4xx_hal_timebase_tim.o
 .debug_macro   0x00000000000149ea      0x1d8 Core/Src/stm32f4xx_it.o
 .debug_macro   0x0000000000014bc2      0x1ca Core/Src/system_stm32f4xx.o
 .debug_macro   0x0000000000014d8c      0x224 Drivers/STM32F4xx_HAL_Driver/Src/stm32f4xx_hal.o
 .debug_macro   0x0000000000014fb0      0x1c4 Drivers/STM32F4xx_HAL_Driver/Src/stm32f4xx_hal_cortex.o
 .debug_macro   0x0000000000015174      0x1e8 Drivers/STM32F4xx_HAL_Driver/Src/stm32f4xx_hal_rcc.o
 .debug_macro   0x000000000001535c      0x1c5 Drivers/STM32F4xx_HAL_Driver/Src/stm32f4xx_hal_tim.o
 .debug_macro   0x0000000000015521      0x1c4 Drivers/STM32F4xx_HAL_Driver/Src/stm32f4xx_hal_tim_ex.o
 .debug_macro   0x00000000000156e5      0x17a ThirdParty/FreeRTOS/org/Source/list.o
 .debug_macro   0x000000000001585f      0x209 ThirdParty/FreeRTOS/org/Source/queue.o
 .debug_macro   0x0000000000015a68       0x16 ThirdParty/FreeRTOS/org/Source/queue.o
 .debug_macro   0x0000000000015a7e       0x20 ThirdParty/FreeRTOS/org/Source/queue.o
 .debug_macro   0x0000000000015a9e       0x80 ThirdParty/FreeRTOS/org/Source/queue.o
 .debug_macro   0x0000000000015b1e      0x26c ThirdParty/FreeRTOS/org/Source/tasks.o
 .debug_macro   0x0000000000015d8a       0x10 ThirdParty/FreeRTOS/org/Source/tasks.o
 .debug_macro   0x0000000000015d9a      0x1cf ThirdParty/FreeRTOS/org/Source/timers.o
 .debug_macro   0x0000000000015f69       0x97 ThirdParty/FreeRTOS/org/Source/timers.o
 .debug_macro   0x0000000000016000      0x196 ThirdParty/FreeRTOS/org/Source/portable/GCC/ARM_CM4F/port.o
 .debug_macro   0x0000000000016196      0x1a1 ThirdParty/FreeRTOS/org/Source/portable/MemMang/heap_4.o

.debug_line     0x0000000000000000     0xad58
 .debug_line    0x0000000000000000      0x907 Core/Src/main.o
 .debug_line    0x0000000000000907      0x6d9 Core/Src/stm32f4xx_hal_msp.o
 .debug_line    0x0000000000000fe0      0x70d Core/Src/stm32f4xx_hal_timebase_tim.o
 .debug_line    0x00000000000016ed      0x75b Core/Src/stm32f4xx_it.o
 .debug_line    0x0000000000001e48      0x6f4 Core/Src/system_stm32f4xx.o
 .debug_line    0x000000000000253c       0x85 Core/Startup/startup_stm32f401retx.o
 .debug_line    0x00000000000025c1      0x8de Drivers/STM32F4xx_HAL_Driver/Src/stm32f4xx_hal.o
 .debug_line    0x0000000000002e9f      0xa02 Drivers/STM32F4xx_HAL_Driver/Src/stm32f4xx_hal_cortex.o
 .debug_line    0x00000000000038a1      0x936 Drivers/STM32F4xx_HAL_Driver/Src/stm32f4xx_hal_rcc.o
 .debug_line    0x00000000000041d7     0x179b Drivers/STM32F4xx_HAL_Driver/Src/stm32f4xx_hal_tim.o
 .debug_line    0x0000000000005972      0xce9 Drivers/STM32F4xx_HAL_Driver/Src/stm32f4xx_hal_tim_ex.o
 .debug_line    0x000000000000665b      0x754 ThirdParty/FreeRTOS/org/Source/list.o
 .debug_line    0x0000000000006daf     0x10a1 ThirdParty/FreeRTOS/org/Source/queue.o
 .debug_line    0x0000000000007e50     0x13f3 ThirdParty/FreeRTOS/org/Source/tasks.o
 .debug_line    0x0000000000009243      0xaf2 ThirdParty/FreeRTOS/org/Source/timers.o
 .debug_line    0x0000000000009d35      0x7c0 ThirdParty/FreeRTOS/org/Source/portable/GCC/ARM_CM4F/port.o
 .debug_line    0x000000000000a4f5      0x863 ThirdParty/FreeRTOS/org/Source/portable/MemMang/heap_4.o

.debug_str      0x0000000000000000    0x8fb37
 .debug_str     0x0000000000000000    0x86a06 Core/Src/main.o
                                      0x86d26 (size before relaxing)
 .debug_str     0x0000000000086a06       0x2c Core/Src/stm32f4xx_hal_msp.o
                                      0x828c5 (size before relaxing)
 .debug_str     0x0000000000086a32      0x42c Core/Src/stm32f4xx_hal_timebase_tim.o
                                      0x83160 (size before relaxing)
 .debug_str     0x0000000000086e5e       0xab Core/Src/stm32f4xx_it.o
                                      0x82c54 (size before relaxing)
 .debug_str     0x0000000000086f09       0xc4 Core/Src/system_stm32f4xx.o
                                      0x8294c (size before relaxing)
 .debug_str     0x0000000000086fcd       0x36 Core/Startup/startup_stm32f401retx.o
                                         0x82 (size before relaxing)
 .debug_str     0x0000000000087003      0x549 Drivers/STM32F4xx_HAL_Driver/Src/stm32f4xx_hal.o
                                      0x832b7 (size before relaxing)
 .debug_str     0x000000000008754c      0x392 Drivers/STM32F4xx_HAL_Driver/Src/stm32f4xx_hal_cortex.o
                                      0x83094 (size before relaxing)
 .debug_str     0x00000000000878de      0x2c2 Drivers/STM32F4xx_HAL_Driver/Src/stm32f4xx_hal_rcc.o
                                      0x82d39 (size before relaxing)
 .debug_str     0x0000000000087ba0      0xd6f Drivers/STM32F4xx_HAL_Driver/Src/stm32f4xx_hal_tim.o
                                      0x83a46 (size before relaxing)
 .debug_str     0x000000000008890f      0x4ec Drivers/STM32F4xx_HAL_Driver/Src/stm32f4xx_hal_tim_ex.o
                                      0x83246 (size before relaxing)
 .debug_str     0x0000000000088dfb     0x30ea ThirdParty/FreeRTOS/org/Source/list.o
                                       0xa8a2 (size before relaxing)
 .debug_str     0x000000000008bee5     0x1096 ThirdParty/FreeRTOS/org/Source/queue.o
                                       0xbfbe (size before relaxing)
 .debug_str     0x000000000008cf7b     0x1b68 ThirdParty/FreeRTOS/org/Source/tasks.o
                                       0xcc84 (size before relaxing)
 .debug_str     0x000000000008eae3      0x528 ThirdParty/FreeRTOS/org/Source/timers.o
                                       0xc3c3 (size before relaxing)
 .debug_str     0x000000000008f00b      0x7fa ThirdParty/FreeRTOS/org/Source/portable/GCC/ARM_CM4F/port.o
                                       0x866b (size before relaxing)
 .debug_str     0x000000000008f805      0x332 ThirdParty/FreeRTOS/org/Source/portable/MemMang/heap_4.o
                                       0xb195 (size before relaxing)

.comment        0x0000000000000000       0x7b
 .comment       0x0000000000000000       0x7b Core/Src/main.o
                                         0x7c (size before relaxing)
 .comment       0x000000000000007b       0x7c Core/Src/stm32f4xx_hal_msp.o
 .comment       0x000000000000007b       0x7c Core/Src/stm32f4xx_hal_timebase_tim.o
 .comment       0x000000000000007b       0x7c Core/Src/stm32f4xx_it.o
 .comment       0x000000000000007b       0x7c Core/Src/system_stm32f4xx.o
 .comment       0x000000000000007b       0x7c Drivers/STM32F4xx_HAL_Driver/Src/stm32f4xx_hal.o
 .comment       0x000000000000007b       0x7c Drivers/STM32F4xx_HAL_Driver/Src/stm32f4xx_hal_cortex.o
 .comment       0x000000000000007b       0x7c Drivers/STM32F4xx_HAL_Driver/Src/stm32f4xx_hal_rcc.o
 .comment       0x000000000000007b       0x7c Drivers/STM32F4xx_HAL_Driver/Src/stm32f4xx_hal_tim.o
 .comment       0x000000000000007b       0x7c Drivers/STM32F4xx_HAL_Driver/Src/stm32f4xx_hal_tim_ex.o
 .comment       0x000000000000007b       0x7c ThirdParty/FreeRTOS/org/Source/list.o
 .comment       0x000000000000007b       0x7c ThirdParty/FreeRTOS/org/Source/queue.o
 .comment       0x000000000000007b       0x7c ThirdParty/FreeRTOS/org/Source/tasks.o
 .comment       0x000000000000007b       0x7c ThirdParty/FreeRTOS/org/Source/timers.o
 .comment       0x000000000000007b       0x7c ThirdParty/FreeRTOS/org/Source/portable/GCC/ARM_CM4F/port.o
 .comment       0x000000000000007b       0x7c ThirdParty/FreeRTOS/org/Source/portable/MemMang/heap_4.o

.debug_frame    0x0000000000000000     0x391c
 .debug_frame   0x0000000000000000       0xd0 Core/Src/main.o
 .debug_frame   0x00000000000000d0       0x38 Core/Src/stm32f4xx_hal_msp.o
 .debug_frame   0x0000000000000108       0x74 Core/Src/stm32f4xx_hal_timebase_tim.o
 .debug_frame   0x000000000000017c       0xcc Core/Src/stm32f4xx_it.o
 .debug_frame   0x0000000000000248       0x58 Core/Src/system_stm32f4xx.o
 .debug_frame   0x00000000000002a0      0x374 Drivers/STM32F4xx_HAL_Driver/Src/stm32f4xx_hal.o
 .debug_frame   0x0000000000000614      0x498 Drivers/STM32F4xx_HAL_Driver/Src/stm32f4xx_hal_cortex.o
 .debug_frame   0x0000000000000aac      0x1f0 Drivers/STM32F4xx_HAL_Driver/Src/stm32f4xx_hal_rcc.o
 .debug_frame   0x0000000000000c9c     0x10e8 Drivers/STM32F4xx_HAL_Driver/Src/stm32f4xx_hal_tim.o
 .debug_frame   0x0000000000001d84      0x5c0 Drivers/STM32F4xx_HAL_Driver/Src/stm32f4xx_hal_tim_ex.o
 .debug_frame   0x0000000000002344       0xd8 ThirdParty/FreeRTOS/org/Source/list.o
 .debug_frame   0x000000000000241c      0x530 ThirdParty/FreeRTOS/org/Source/queue.o
 .debug_frame   0x000000000000294c      0x89c ThirdParty/FreeRTOS/org/Source/tasks.o
 .debug_frame   0x00000000000031e8      0x38c ThirdParty/FreeRTOS/org/Source/timers.o
 .debug_frame   0x0000000000003574      0x1a8 ThirdParty/FreeRTOS/org/Source/portable/GCC/ARM_CM4F/port.o
 .debug_frame   0x000000000000371c      0x12c ThirdParty/FreeRTOS/org/Source/portable/MemMang/heap_4.o
 .debug_frame   0x0000000000003848       0x2c /Applications/STM32CubeIDE.app/Contents/Eclipse/plugins/com.st.stm32cube.ide.mcu.externaltools.gnu-tools-for-stm32.7-2018-q2-update.macos64_1.0.0.201904181610/tools/bin/../lib/gcc/arm-none-eabi/7.3.1/../../../../arm-none-eabi/lib/thumb/v7e-m/fpv4-sp/hard/libc_nano.a(lib_a-init.o)
 .debug_frame   0x0000000000003874       0x28 /Applications/STM32CubeIDE.app/Contents/Eclipse/plugins/com.st.stm32cube.ide.mcu.externaltools.gnu-tools-for-stm32.7-2018-q2-update.macos64_1.0.0.201904181610/tools/bin/../lib/gcc/arm-none-eabi/7.3.1/../../../../arm-none-eabi/lib/thumb/v7e-m/fpv4-sp/hard/libc_nano.a(lib_a-memcpy-stub.o)
 .debug_frame   0x000000000000389c       0x20 /Applications/STM32CubeIDE.app/Contents/Eclipse/plugins/com.st.stm32cube.ide.mcu.externaltools.gnu-tools-for-stm32.7-2018-q2-update.macos64_1.0.0.201904181610/tools/bin/../lib/gcc/arm-none-eabi/7.3.1/../../../../arm-none-eabi/lib/thumb/v7e-m/fpv4-sp/hard/libc_nano.a(lib_a-memset.o)
 .debug_frame   0x00000000000038bc       0x2c /Applications/STM32CubeIDE.app/Contents/Eclipse/plugins/com.st.stm32cube.ide.mcu.externaltools.gnu-tools-for-stm32.7-2018-q2-update.macos64_1.0.0.201904181610/tools/bin/../lib/gcc/arm-none-eabi/7.3.1/thumb/v7e-m/fpv4-sp/hard/libgcc.a(_aeabi_uldivmod.o)
 .debug_frame   0x00000000000038e8       0x34 /Applications/STM32CubeIDE.app/Contents/Eclipse/plugins/com.st.stm32cube.ide.mcu.externaltools.gnu-tools-for-stm32.7-2018-q2-update.macos64_1.0.0.201904181610/tools/bin/../lib/gcc/arm-none-eabi/7.3.1/thumb/v7e-m/fpv4-sp/hard/libgcc.a(_udivmoddi4.o)
